<?xml version="1.0" encoding="UTF-8"?>
<testsuites name="jest tests" tests="2" failures="2" time="7.002">
  <testsuite name="undefined" errors="0" failures="2" skipped="0" timestamp="2020-04-28T14:14:49" time="6.18" tests="2">
    <testcase classname=" always!" name=" always!" time="5.002">
      <failure>: Timeout - Async callback was not invoked within the 5000ms timeout specified by jest.setTimeout.Timeout - Async callback was not invoked within the 5000ms timeout specified by jest.setTimeout.Error: 
    at new Spec (D:\source\circleci-test\node_modules\jest-jasmine2\build\jasmine\Spec.js:116:22)
    at new Spec (D:\source\circleci-test\node_modules\jest-jasmine2\build\setup_jest_globals.js:78:9)
    at specFactory (D:\source\circleci-test\node_modules\jest-jasmine2\build\jasmine\Env.js:523:24)
    at Env.it (D:\source\circleci-test\node_modules\jest-jasmine2\build\jasmine\Env.js:592:24)
    at Env.it (D:\source\circleci-test\node_modules\jest-jasmine2\build\jasmineAsyncInstall.js:128:23)
    at it (D:\source\circleci-test\node_modules\jest-jasmine2\build\jasmine\jasmineLight.js:100:21)
    at Object.&lt;anonymous&gt; (D:\source\circleci-test\test\jest.test.ts:6:1)
    at Runtime._execModule (D:\source\circleci-test\node_modules\jest-runtime\build\index.js:1121:24)
    at Runtime._loadModule (D:\source\circleci-test\node_modules\jest-runtime\build\index.js:775:12)
    at Runtime.requireModule (D:\source\circleci-test\node_modules\jest-runtime\build\index.js:631:10)
    at jasmine2 (D:\source\circleci-test\node_modules\jest-jasmine2\build\index.js:215:13)
    at runTestInternal (D:\source\circleci-test\node_modules\jest-runner\build\runTest.js:373:22)</failure>
    </testcase>
    <testcase classname=" add!" name=" add!" time="0.003">
      <failure>Error: expect(received).toBe(expected) // Object.is equality

Expected: 3
Received: 7
    at Object.&lt;anonymous&gt;.it (D:\source\circleci-test\test\jest.test.ts:23:21)
    at Object.asyncJestTest (D:\source\circleci-test\node_modules\jest-jasmine2\build\jasmineAsyncInstall.js:100:37)
    at resolve (D:\source\circleci-test\node_modules\jest-jasmine2\build\queueRunner.js:45:12)
    at new Promise (&lt;anonymous&gt;)
    at mapper (D:\source\circleci-test\node_modules\jest-jasmine2\build\queueRunner.js:28:19)
    at promise.then (D:\source\circleci-test\node_modules\jest-jasmine2\build\queueRunner.js:75:41)</failure>
    </testcase>
  </testsuite>
</testsuites>